--------------------------------------------------------------------------------------
Timing Analyzer Summary
--------------------------------------------------------------------------------------

Type           : Worst-case tsu
Slack          : N/A
Required Time  : None
Actual Time    : 2.767 ns
From           : i_DIR
To             : State.state_a
From Clock     : --
To Clock       : Ck
Failed Paths   : 0

Type           : Worst-case tco
Slack          : N/A
Required Time  : None
Actual Time    : 5.764 ns
From           : State.state_b
To             : o_A
From Clock     : Ck
To Clock       : --
Failed Paths   : 0

Type           : Worst-case th
Slack          : N/A
Required Time  : None
Actual Time    : -2.525 ns
From           : i_DIR
To             : State.state_d
From Clock     : --
To Clock       : Ck
Failed Paths   : 0

Type           : Clock Setup: 'Ck'
Slack          : N/A
Required Time  : None
Actual Time    : Restricted to 500.00 MHz ( period = 2.000 ns )
From           : State.state_a
To             : State.state_d
From Clock     : Ck
To Clock       : Ck
Failed Paths   : 0

Type           : Total number of failed paths
Slack          : 
Required Time  : 
Actual Time    : 
From           : 
To             : 
From Clock     : 
To Clock       : 
Failed Paths   : 0

--------------------------------------------------------------------------------------

